================================================================================
Rotated-K v2b enabled
Explicit block bounds + request-local ContextVar
No replace_position/nonzero/global POSITION_CONTEXT
================================================================================
Loading model...
Loading checkpoint shards:   0%|          | 0/6 [00:00<?, ?it/s]Loading checkpoint shards:  50%|█████     | 3/6 [00:00<00:00, 20.03it/s]Loading checkpoint shards: 100%|██████████| 6/6 [00:00<00:00, 20.60it/s]Loading checkpoint shards: 100%|██████████| 6/6 [00:00<00:00, 20.50it/s]
Compiling complete model.forward...
V0805 02:21:34.548000 10434 torch/_dynamo/guards.py:5396] [6/1] [__recompiles] Recompiling function torch_dynamo_resume_in_rotated_k_v2b_attention_at_227 in /Users/z33/Fast-dLLM/v1/llada/rotated_k_v2b_runtime_patch.py:227
V0805 02:21:34.548000 10434 torch/_dynamo/guards.py:5396] [6/1] [__recompiles]     triggered by the following guard failure(s):
V0805 02:21:34.548000 10434 torch/_dynamo/guards.py:5396] [6/1] [__recompiles]     - 6/0: tensor 'dict.__getitem__(self._modules['rotary_emb']._RotaryEmbedding__cache, list(dict.keys(self._modules['rotary_emb']._RotaryEmbedding__cache))[0])' dispatch key set mismatch. expected DispatchKeySet(CPU, BackendSelect, ADInplaceOrView, AutogradCPU), actual DispatchKeySet(MPS, BackendSelect, ADInplaceOrView, AutogradMPS)
V0805 02:21:34.609000 10434 torch/_dynamo/guards.py:5396] [6/2] [__recompiles] Recompiling function torch_dynamo_resume_in_rotated_k_v2b_attention_at_227 in /Users/z33/Fast-dLLM/v1/llada/rotated_k_v2b_runtime_patch.py:227
V0805 02:21:34.609000 10434 torch/_dynamo/guards.py:5396] [6/2] [__recompiles]     triggered by the following guard failure(s):
V0805 02:21:34.609000 10434 torch/_dynamo/guards.py:5396] [6/2] [__recompiles]     - 6/1: self.layer_id == 1                                       # )  # Fast-dLLM/v1/llada/rotated_k_v2b_runtime_patch.py:282 in torch_dynamo_resume_in_rotated_k_v2b_attention_at_227 (HINT: torch.compile considers integer attributes of the nn.Module to be static. If you are observing recompilation, you might want to make this integer dynamic using torch._dynamo.config.allow_unspec_int_on_nn_module = True, or convert this integer into a tensor.)
V0805 02:21:34.609000 10434 torch/_dynamo/guards.py:5396] [6/2] [__recompiles]     - User stack trace:
V0805 02:21:34.609000 10434 torch/_dynamo/guards.py:5396] [6/2] [__recompiles]     -   File "/Users/z33/Fast-dLLM/v1/llada/rotated_k_v2b_runtime_patch.py", line 282, in torch_dynamo_resume_in_rotated_k_v2b_attention_at_227
V0805 02:21:34.609000 10434 torch/_dynamo/guards.py:5396] [6/2] [__recompiles]     -     )
V0805 02:21:34.609000 10434 torch/_dynamo/guards.py:5396] [6/2] [__recompiles]     - 6/0: tensor 'dict.__getitem__(self._modules['rotary_emb']._RotaryEmbedding__cache, list(dict.keys(self._modules['rotary_emb']._RotaryEmbedding__cache))[0])' dispatch key set mismatch. expected DispatchKeySet(CPU, BackendSelect, ADInplaceOrView, AutogradCPU), actual DispatchKeySet(MPS, BackendSelect, ADInplaceOrView, AutogradMPS)
V0805 02:21:34.671000 10434 torch/_dynamo/guards.py:5396] [6/3] [__recompiles] Recompiling function torch_dynamo_resume_in_rotated_k_v2b_attention_at_227 in /Users/z33/Fast-dLLM/v1/llada/rotated_k_v2b_runtime_patch.py:227
V0805 02:21:34.671000 10434 torch/_dynamo/guards.py:5396] [6/3] [__recompiles]     triggered by the following guard failure(s):
V0805 02:21:34.671000 10434 torch/_dynamo/guards.py:5396] [6/3] [__recompiles]     - 6/2: self.layer_id == 2                                       # )  # Fast-dLLM/v1/llada/rotated_k_v2b_runtime_patch.py:282 in torch_dynamo_resume_in_rotated_k_v2b_attention_at_227 (HINT: torch.compile considers integer attributes of the nn.Module to be static. If you are observing recompilation, you might want to make this integer dynamic using torch._dynamo.config.allow_unspec_int_on_nn_module = True, or convert this integer into a tensor.)
V0805 02:21:34.671000 10434 torch/_dynamo/guards.py:5396] [6/3] [__recompiles]     - User stack trace:
V0805 02:21:34.671000 10434 torch/_dynamo/guards.py:5396] [6/3] [__recompiles]     -   File "/Users/z33/Fast-dLLM/v1/llada/rotated_k_v2b_runtime_patch.py", line 282, in torch_dynamo_resume_in_rotated_k_v2b_attention_at_227
V0805 02:21:34.671000 10434 torch/_dynamo/guards.py:5396] [6/3] [__recompiles]     -     )
V0805 02:21:34.671000 10434 torch/_dynamo/guards.py:5396] [6/3] [__recompiles]     - 6/1: self.layer_id == 1                                       # )  # Fast-dLLM/v1/llada/rotated_k_v2b_runtime_patch.py:282 in torch_dynamo_resume_in_rotated_k_v2b_attention_at_227 (HINT: torch.compile considers integer attributes of the nn.Module to be static. If you are observing recompilation, you might want to make this integer dynamic using torch._dynamo.config.allow_unspec_int_on_nn_module = True, or convert this integer into a tensor.)
V0805 02:21:34.671000 10434 torch/_dynamo/guards.py:5396] [6/3] [__recompiles]     - User stack trace:
V0805 02:21:34.671000 10434 torch/_dynamo/guards.py:5396] [6/3] [__recompiles]     -   File "/Users/z33/Fast-dLLM/v1/llada/rotated_k_v2b_runtime_patch.py", line 282, in torch_dynamo_resume_in_rotated_k_v2b_attention_at_227
V0805 02:21:34.671000 10434 torch/_dynamo/guards.py:5396] [6/3] [__recompiles]     -     )
V0805 02:21:34.671000 10434 torch/_dynamo/guards.py:5396] [6/3] [__recompiles]     - 6/0: tensor 'dict.__getitem__(self._modules['rotary_emb']._RotaryEmbedding__cache, list(dict.keys(self._modules['rotary_emb']._RotaryEmbedding__cache))[0])' dispatch key set mismatch. expected DispatchKeySet(CPU, BackendSelect, ADInplaceOrView, AutogradCPU), actual DispatchKeySet(MPS, BackendSelect, ADInplaceOrView, AutogradMPS)
V0805 02:21:34.734000 10434 torch/_dynamo/guards.py:5396] [6/4] [__recompiles] Recompiling function torch_dynamo_resume_in_rotated_k_v2b_attention_at_227 in /Users/z33/Fast-dLLM/v1/llada/rotated_k_v2b_runtime_patch.py:227
V0805 02:21:34.734000 10434 torch/_dynamo/guards.py:5396] [6/4] [__recompiles]     triggered by the following guard failure(s):
V0805 02:21:34.734000 10434 torch/_dynamo/guards.py:5396] [6/4] [__recompiles]     - 6/3: self.layer_id == 3                                       # )  # Fast-dLLM/v1/llada/rotated_k_v2b_runtime_patch.py:282 in torch_dynamo_resume_in_rotated_k_v2b_attention_at_227 (HINT: torch.compile considers integer attributes of the nn.Module to be static. If you are observing recompilation, you might want to make this integer dynamic using torch._dynamo.config.allow_unspec_int_on_nn_module = True, or convert this integer into a tensor.)
V0805 02:21:34.734000 10434 torch/_dynamo/guards.py:5396] [6/4] [__recompiles]     - User stack trace:
V0805 02:21:34.734000 10434 torch/_dynamo/guards.py:5396] [6/4] [__recompiles]     -   File "/Users/z33/Fast-dLLM/v1/llada/rotated_k_v2b_runtime_patch.py", line 282, in torch_dynamo_resume_in_rotated_k_v2b_attention_at_227
V0805 02:21:34.734000 10434 torch/_dynamo/guards.py:5396] [6/4] [__recompiles]     -     )
V0805 02:21:34.734000 10434 torch/_dynamo/guards.py:5396] [6/4] [__recompiles]     - 6/2: self.layer_id == 2                                       # )  # Fast-dLLM/v1/llada/rotated_k_v2b_runtime_patch.py:282 in torch_dynamo_resume_in_rotated_k_v2b_attention_at_227 (HINT: torch.compile considers integer attributes of the nn.Module to be static. If you are observing recompilation, you might want to make this integer dynamic using torch._dynamo.config.allow_unspec_int_on_nn_module = True, or convert this integer into a tensor.)
V0805 02:21:34.734000 10434 torch/_dynamo/guards.py:5396] [6/4] [__recompiles]     - User stack trace:
V0805 02:21:34.734000 10434 torch/_dynamo/guards.py:5396] [6/4] [__recompiles]     -   File "/Users/z33/Fast-dLLM/v1/llada/rotated_k_v2b_runtime_patch.py", line 282, in torch_dynamo_resume_in_rotated_k_v2b_attention_at_227
V0805 02:21:34.734000 10434 torch/_dynamo/guards.py:5396] [6/4] [__recompiles]     -     )
V0805 02:21:34.734000 10434 torch/_dynamo/guards.py:5396] [6/4] [__recompiles]     - 6/1: self.layer_id == 1                                       # )  # Fast-dLLM/v1/llada/rotated_k_v2b_runtime_patch.py:282 in torch_dynamo_resume_in_rotated_k_v2b_attention_at_227 (HINT: torch.compile considers integer attributes of the nn.Module to be static. If you are observing recompilation, you might want to make this integer dynamic using torch._dynamo.config.allow_unspec_int_on_nn_module = True, or convert this integer into a tensor.)
V0805 02:21:34.734000 10434 torch/_dynamo/guards.py:5396] [6/4] [__recompiles]     - User stack trace:
V0805 02:21:34.734000 10434 torch/_dynamo/guards.py:5396] [6/4] [__recompiles]     -   File "/Users/z33/Fast-dLLM/v1/llada/rotated_k_v2b_runtime_patch.py", line 282, in torch_dynamo_resume_in_rotated_k_v2b_attention_at_227
V0805 02:21:34.734000 10434 torch/_dynamo/guards.py:5396] [6/4] [__recompiles]     -     )
V0805 02:21:34.734000 10434 torch/_dynamo/guards.py:5396] [6/4] [__recompiles]     - 6/0: tensor 'dict.__getitem__(self._modules['rotary_emb']._RotaryEmbedding__cache, list(dict.keys(self._modules['rotary_emb']._RotaryEmbedding__cache))[0])' dispatch key set mismatch. expected DispatchKeySet(CPU, BackendSelect, ADInplaceOrView, AutogradCPU), actual DispatchKeySet(MPS, BackendSelect, ADInplaceOrView, AutogradMPS)
V0805 02:21:34.796000 10434 torch/_dynamo/guards.py:5396] [6/5] [__recompiles] Recompiling function torch_dynamo_resume_in_rotated_k_v2b_attention_at_227 in /Users/z33/Fast-dLLM/v1/llada/rotated_k_v2b_runtime_patch.py:227
V0805 02:21:34.796000 10434 torch/_dynamo/guards.py:5396] [6/5] [__recompiles]     triggered by the following guard failure(s):
V0805 02:21:34.796000 10434 torch/_dynamo/guards.py:5396] [6/5] [__recompiles]     - 6/4: self.layer_id == 4                                       # )  # Fast-dLLM/v1/llada/rotated_k_v2b_runtime_patch.py:282 in torch_dynamo_resume_in_rotated_k_v2b_attention_at_227 (HINT: torch.compile considers integer attributes of the nn.Module to be static. If you are observing recompilation, you might want to make this integer dynamic using torch._dynamo.config.allow_unspec_int_on_nn_module = True, or convert this integer into a tensor.)
V0805 02:21:34.796000 10434 torch/_dynamo/guards.py:5396] [6/5] [__recompiles]     - User stack trace:
V0805 02:21:34.796000 10434 torch/_dynamo/guards.py:5396] [6/5] [__recompiles]     -   File "/Users/z33/Fast-dLLM/v1/llada/rotated_k_v2b_runtime_patch.py", line 282, in torch_dynamo_resume_in_rotated_k_v2b_attention_at_227
V0805 02:21:34.796000 10434 torch/_dynamo/guards.py:5396] [6/5] [__recompiles]     -     )
V0805 02:21:34.796000 10434 torch/_dynamo/guards.py:5396] [6/5] [__recompiles]     - 6/3: self.layer_id == 3                                       # )  # Fast-dLLM/v1/llada/rotated_k_v2b_runtime_patch.py:282 in torch_dynamo_resume_in_rotated_k_v2b_attention_at_227 (HINT: torch.compile considers integer attributes of the nn.Module to be static. If you are observing recompilation, you might want to make this integer dynamic using torch._dynamo.config.allow_unspec_int_on_nn_module = True, or convert this integer into a tensor.)
V0805 02:21:34.796000 10434 torch/_dynamo/guards.py:5396] [6/5] [__recompiles]     - User stack trace:
V0805 02:21:34.796000 10434 torch/_dynamo/guards.py:5396] [6/5] [__recompiles]     -   File "/Users/z33/Fast-dLLM/v1/llada/rotated_k_v2b_runtime_patch.py", line 282, in torch_dynamo_resume_in_rotated_k_v2b_attention_at_227
V0805 02:21:34.796000 10434 torch/_dynamo/guards.py:5396] [6/5] [__recompiles]     -     )
V0805 02:21:34.796000 10434 torch/_dynamo/guards.py:5396] [6/5] [__recompiles]     - 6/2: self.layer_id == 2                                       # )  # Fast-dLLM/v1/llada/rotated_k_v2b_runtime_patch.py:282 in torch_dynamo_resume_in_rotated_k_v2b_attention_at_227 (HINT: torch.compile considers integer attributes of the nn.Module to be static. If you are observing recompilation, you might want to make this integer dynamic using torch._dynamo.config.allow_unspec_int_on_nn_module = True, or convert this integer into a tensor.)
V0805 02:21:34.796000 10434 torch/_dynamo/guards.py:5396] [6/5] [__recompiles]     - User stack trace:
V0805 02:21:34.796000 10434 torch/_dynamo/guards.py:5396] [6/5] [__recompiles]     -   File "/Users/z33/Fast-dLLM/v1/llada/rotated_k_v2b_runtime_patch.py", line 282, in torch_dynamo_resume_in_rotated_k_v2b_attention_at_227
V0805 02:21:34.796000 10434 torch/_dynamo/guards.py:5396] [6/5] [__recompiles]     -     )
V0805 02:21:34.796000 10434 torch/_dynamo/guards.py:5396] [6/5] [__recompiles]     - 6/1: self.layer_id == 1                                       # )  # Fast-dLLM/v1/llada/rotated_k_v2b_runtime_patch.py:282 in torch_dynamo_resume_in_rotated_k_v2b_attention_at_227 (HINT: torch.compile considers integer attributes of the nn.Module to be static. If you are observing recompilation, you might want to make this integer dynamic using torch._dynamo.config.allow_unspec_int_on_nn_module = True, or convert this integer into a tensor.)
V0805 02:21:34.796000 10434 torch/_dynamo/guards.py:5396] [6/5] [__recompiles]     - User stack trace:
V0805 02:21:34.796000 10434 torch/_dynamo/guards.py:5396] [6/5] [__recompiles]     -   File "/Users/z33/Fast-dLLM/v1/llada/rotated_k_v2b_runtime_patch.py", line 282, in torch_dynamo_resume_in_rotated_k_v2b_attention_at_227
V0805 02:21:34.796000 10434 torch/_dynamo/guards.py:5396] [6/5] [__recompiles]     -     )
V0805 02:21:34.796000 10434 torch/_dynamo/guards.py:5396] [6/5] [__recompiles]     - 6/0: tensor 'dict.__getitem__(self._modules['rotary_emb']._RotaryEmbedding__cache, list(dict.keys(self._modules['rotary_emb']._RotaryEmbedding__cache))[0])' dispatch key set mismatch. expected DispatchKeySet(CPU, BackendSelect, ADInplaceOrView, AutogradCPU), actual DispatchKeySet(MPS, BackendSelect, ADInplaceOrView, AutogradMPS)
V0805 02:21:34.858000 10434 torch/_dynamo/guards.py:5396] [6/6] [__recompiles] Recompiling function torch_dynamo_resume_in_rotated_k_v2b_attention_at_227 in /Users/z33/Fast-dLLM/v1/llada/rotated_k_v2b_runtime_patch.py:227
V0805 02:21:34.858000 10434 torch/_dynamo/guards.py:5396] [6/6] [__recompiles]     triggered by the following guard failure(s):
V0805 02:21:34.858000 10434 torch/_dynamo/guards.py:5396] [6/6] [__recompiles]     - 6/5: self.layer_id == 5                                       # )  # Fast-dLLM/v1/llada/rotated_k_v2b_runtime_patch.py:282 in torch_dynamo_resume_in_rotated_k_v2b_attention_at_227 (HINT: torch.compile considers integer attributes of the nn.Module to be static. If you are observing recompilation, you might want to make this integer dynamic using torch._dynamo.config.allow_unspec_int_on_nn_module = True, or convert this integer into a tensor.)
V0805 02:21:34.858000 10434 torch/_dynamo/guards.py:5396] [6/6] [__recompiles]     - User stack trace:
V0805 02:21:34.858000 10434 torch/_dynamo/guards.py:5396] [6/6] [__recompiles]     -   File "/Users/z33/Fast-dLLM/v1/llada/rotated_k_v2b_runtime_patch.py", line 282, in torch_dynamo_resume_in_rotated_k_v2b_attention_at_227
V0805 02:21:34.858000 10434 torch/_dynamo/guards.py:5396] [6/6] [__recompiles]     -     )
V0805 02:21:34.858000 10434 torch/_dynamo/guards.py:5396] [6/6] [__recompiles]     - 6/4: self.layer_id == 4                                       # )  # Fast-dLLM/v1/llada/rotated_k_v2b_runtime_patch.py:282 in torch_dynamo_resume_in_rotated_k_v2b_attention_at_227 (HINT: torch.compile considers integer attributes of the nn.Module to be static. If you are observing recompilation, you might want to make this integer dynamic using torch._dynamo.config.allow_unspec_int_on_nn_module = True, or convert this integer into a tensor.)
V0805 02:21:34.858000 10434 torch/_dynamo/guards.py:5396] [6/6] [__recompiles]     - User stack trace:
V0805 02:21:34.858000 10434 torch/_dynamo/guards.py:5396] [6/6] [__recompiles]     -   File "/Users/z33/Fast-dLLM/v1/llada/rotated_k_v2b_runtime_patch.py", line 282, in torch_dynamo_resume_in_rotated_k_v2b_attention_at_227
V0805 02:21:34.858000 10434 torch/_dynamo/guards.py:5396] [6/6] [__recompiles]     -     )
V0805 02:21:34.858000 10434 torch/_dynamo/guards.py:5396] [6/6] [__recompiles]     - 6/3: self.layer_id == 3                                       # )  # Fast-dLLM/v1/llada/rotated_k_v2b_runtime_patch.py:282 in torch_dynamo_resume_in_rotated_k_v2b_attention_at_227 (HINT: torch.compile considers integer attributes of the nn.Module to be static. If you are observing recompilation, you might want to make this integer dynamic using torch._dynamo.config.allow_unspec_int_on_nn_module = True, or convert this integer into a tensor.)
V0805 02:21:34.858000 10434 torch/_dynamo/guards.py:5396] [6/6] [__recompiles]     - User stack trace:
V0805 02:21:34.858000 10434 torch/_dynamo/guards.py:5396] [6/6] [__recompiles]     -   File "/Users/z33/Fast-dLLM/v1/llada/rotated_k_v2b_runtime_patch.py", line 282, in torch_dynamo_resume_in_rotated_k_v2b_attention_at_227
V0805 02:21:34.858000 10434 torch/_dynamo/guards.py:5396] [6/6] [__recompiles]     -     )
V0805 02:21:34.858000 10434 torch/_dynamo/guards.py:5396] [6/6] [__recompiles]     - 6/2: self.layer_id == 2                                       # )  # Fast-dLLM/v1/llada/rotated_k_v2b_runtime_patch.py:282 in torch_dynamo_resume_in_rotated_k_v2b_attention_at_227 (HINT: torch.compile considers integer attributes of the nn.Module to be static. If you are observing recompilation, you might want to make this integer dynamic using torch._dynamo.config.allow_unspec_int_on_nn_module = True, or convert this integer into a tensor.)
V0805 02:21:34.858000 10434 torch/_dynamo/guards.py:5396] [6/6] [__recompiles]     - User stack trace:
V0805 02:21:34.858000 10434 torch/_dynamo/guards.py:5396] [6/6] [__recompiles]     -   File "/Users/z33/Fast-dLLM/v1/llada/rotated_k_v2b_runtime_patch.py", line 282, in torch_dynamo_resume_in_rotated_k_v2b_attention_at_227
V0805 02:21:34.858000 10434 torch/_dynamo/guards.py:5396] [6/6] [__recompiles]     -     )
V0805 02:21:34.858000 10434 torch/_dynamo/guards.py:5396] [6/6] [__recompiles]     - 6/1: self.layer_id == 1                                       # )  # Fast-dLLM/v1/llada/rotated_k_v2b_runtime_patch.py:282 in torch_dynamo_resume_in_rotated_k_v2b_attention_at_227 (HINT: torch.compile considers integer attributes of the nn.Module to be static. If you are observing recompilation, you might want to make this integer dynamic using torch._dynamo.config.allow_unspec_int_on_nn_module = True, or convert this integer into a tensor.)
V0805 02:21:34.858000 10434 torch/_dynamo/guards.py:5396] [6/6] [__recompiles]     - User stack trace:
V0805 02:21:34.858000 10434 torch/_dynamo/guards.py:5396] [6/6] [__recompiles]     -   File "/Users/z33/Fast-dLLM/v1/llada/rotated_k_v2b_runtime_patch.py", line 282, in torch_dynamo_resume_in_rotated_k_v2b_attention_at_227
V0805 02:21:34.858000 10434 torch/_dynamo/guards.py:5396] [6/6] [__recompiles]     -     )
V0805 02:21:34.858000 10434 torch/_dynamo/guards.py:5396] [6/6] [__recompiles]     - 6/0: tensor 'dict.__getitem__(self._modules['rotary_emb']._RotaryEmbedding__cache, list(dict.keys(self._modules['rotary_emb']._RotaryEmbedding__cache))[0])' dispatch key set mismatch. expected DispatchKeySet(CPU, BackendSelect, ADInplaceOrView, AutogradCPU), actual DispatchKeySet(MPS, BackendSelect, ADInplaceOrView, AutogradMPS)
V0805 02:21:34.920000 10434 torch/_dynamo/guards.py:5396] [6/7] [__recompiles] Recompiling function torch_dynamo_resume_in_rotated_k_v2b_attention_at_227 in /Users/z33/Fast-dLLM/v1/llada/rotated_k_v2b_runtime_patch.py:227
V0805 02:21:34.920000 10434 torch/_dynamo/guards.py:5396] [6/7] [__recompiles]     triggered by the following guard failure(s):
V0805 02:21:34.920000 10434 torch/_dynamo/guards.py:5396] [6/7] [__recompiles]     - 6/6: self.layer_id == 6                                       # )  # Fast-dLLM/v1/llada/rotated_k_v2b_runtime_patch.py:282 in torch_dynamo_resume_in_rotated_k_v2b_attention_at_227 (HINT: torch.compile considers integer attributes of the nn.Module to be static. If you are observing recompilation, you might want to make this integer dynamic using torch._dynamo.config.allow_unspec_int_on_nn_module = True, or convert this integer into a tensor.)
V0805 02:21:34.920000 10434 torch/_dynamo/guards.py:5396] [6/7] [__recompiles]     - User stack trace:
V0805 02:21:34.920000 10434 torch/_dynamo/guards.py:5396] [6/7] [__recompiles]     -   File "/Users/z33/Fast-dLLM/v1/llada/rotated_k_v2b_runtime_patch.py", line 282, in torch_dynamo_resume_in_rotated_k_v2b_attention_at_227
V0805 02:21:34.920000 10434 torch/_dynamo/guards.py:5396] [6/7] [__recompiles]     -     )
V0805 02:21:34.920000 10434 torch/_dynamo/guards.py:5396] [6/7] [__recompiles]     - 6/5: self.layer_id == 5                                       # )  # Fast-dLLM/v1/llada/rotated_k_v2b_runtime_patch.py:282 in torch_dynamo_resume_in_rotated_k_v2b_attention_at_227 (HINT: torch.compile considers integer attributes of the nn.Module to be static. If you are observing recompilation, you might want to make this integer dynamic using torch._dynamo.config.allow_unspec_int_on_nn_module = True, or convert this integer into a tensor.)
V0805 02:21:34.920000 10434 torch/_dynamo/guards.py:5396] [6/7] [__recompiles]     - User stack trace:
V0805 02:21:34.920000 10434 torch/_dynamo/guards.py:5396] [6/7] [__recompiles]     -   File "/Users/z33/Fast-dLLM/v1/llada/rotated_k_v2b_runtime_patch.py", line 282, in torch_dynamo_resume_in_rotated_k_v2b_attention_at_227
V0805 02:21:34.920000 10434 torch/_dynamo/guards.py:5396] [6/7] [__recompiles]     -     )
V0805 02:21:34.920000 10434 torch/_dynamo/guards.py:5396] [6/7] [__recompiles]     - 6/4: self.layer_id == 4                                       # )  # Fast-dLLM/v1/llada/rotated_k_v2b_runtime_patch.py:282 in torch_dynamo_resume_in_rotated_k_v2b_attention_at_227 (HINT: torch.compile considers integer attributes of the nn.Module to be static. If you are observing recompilation, you might want to make this integer dynamic using torch._dynamo.config.allow_unspec_int_on_nn_module = True, or convert this integer into a tensor.)
V0805 02:21:34.920000 10434 torch/_dynamo/guards.py:5396] [6/7] [__recompiles]     - User stack trace:
V0805 02:21:34.920000 10434 torch/_dynamo/guards.py:5396] [6/7] [__recompiles]     -   File "/Users/z33/Fast-dLLM/v1/llada/rotated_k_v2b_runtime_patch.py", line 282, in torch_dynamo_resume_in_rotated_k_v2b_attention_at_227
V0805 02:21:34.920000 10434 torch/_dynamo/guards.py:5396] [6/7] [__recompiles]     -     )
V0805 02:21:34.920000 10434 torch/_dynamo/guards.py:5396] [6/7] [__recompiles]     - 6/3: self.layer_id == 3                                       # )  # Fast-dLLM/v1/llada/rotated_k_v2b_runtime_patch.py:282 in torch_dynamo_resume_in_rotated_k_v2b_attention_at_227 (HINT: torch.compile considers integer attributes of the nn.Module to be static. If you are observing recompilation, you might want to make this integer dynamic using torch._dynamo.config.allow_unspec_int_on_nn_module = True, or convert this integer into a tensor.)
V0805 02:21:34.920000 10434 torch/_dynamo/guards.py:5396] [6/7] [__recompiles]     - User stack trace:
V0805 02:21:34.920000 10434 torch/_dynamo/guards.py:5396] [6/7] [__recompiles]     -   File "/Users/z33/Fast-dLLM/v1/llada/rotated_k_v2b_runtime_patch.py", line 282, in torch_dynamo_resume_in_rotated_k_v2b_attention_at_227
V0805 02:21:34.920000 10434 torch/_dynamo/guards.py:5396] [6/7] [__recompiles]     -     )
V0805 02:21:34.920000 10434 torch/_dynamo/guards.py:5396] [6/7] [__recompiles]     - 6/2: self.layer_id == 2                                       # )  # Fast-dLLM/v1/llada/rotated_k_v2b_runtime_patch.py:282 in torch_dynamo_resume_in_rotated_k_v2b_attention_at_227 (HINT: torch.compile considers integer attributes of the nn.Module to be static. If you are observing recompilation, you might want to make this integer dynamic using torch._dynamo.config.allow_unspec_int_on_nn_module = True, or convert this integer into a tensor.)
V0805 02:21:34.920000 10434 torch/_dynamo/guards.py:5396] [6/7] [__recompiles]     - User stack trace:
V0805 02:21:34.920000 10434 torch/_dynamo/guards.py:5396] [6/7] [__recompiles]     -   File "/Users/z33/Fast-dLLM/v1/llada/rotated_k_v2b_runtime_patch.py", line 282, in torch_dynamo_resume_in_rotated_k_v2b_attention_at_227
V0805 02:21:34.920000 10434 torch/_dynamo/guards.py:5396] [6/7] [__recompiles]     -     )
V0805 02:21:34.920000 10434 torch/_dynamo/guards.py:5396] [6/7] [__recompiles]     - 6/1: self.layer_id == 1                                       # )  # Fast-dLLM/v1/llada/rotated_k_v2b_runtime_patch.py:282 in torch_dynamo_resume_in_rotated_k_v2b_attention_at_227 (HINT: torch.compile considers integer attributes of the nn.Module to be static. If you are observing recompilation, you might want to make this integer dynamic using torch._dynamo.config.allow_unspec_int_on_nn_module = True, or convert this integer into a tensor.)
V0805 02:21:34.920000 10434 torch/_dynamo/guards.py:5396] [6/7] [__recompiles]     - User stack trace:
V0805 02:21:34.920000 10434 torch/_dynamo/guards.py:5396] [6/7] [__recompiles]     -   File "/Users/z33/Fast-dLLM/v1/llada/rotated_k_v2b_runtime_patch.py", line 282, in torch_dynamo_resume_in_rotated_k_v2b_attention_at_227
V0805 02:21:34.920000 10434 torch/_dynamo/guards.py:5396] [6/7] [__recompiles]     -     )
V0805 02:21:34.920000 10434 torch/_dynamo/guards.py:5396] [6/7] [__recompiles]     - 6/0: tensor 'dict.__getitem__(self._modules['rotary_emb']._RotaryEmbedding__cache, list(dict.keys(self._modules['rotary_emb']._RotaryEmbedding__cache))[0])' dispatch key set mismatch. expected DispatchKeySet(CPU, BackendSelect, ADInplaceOrView, AutogradCPU), actual DispatchKeySet(MPS, BackendSelect, ADInplaceOrView, AutogradMPS)
V0805 02:21:34.982000 10434 torch/_dynamo/guards.py:5396] [6/8] [__recompiles] Recompiling function torch_dynamo_resume_in_rotated_k_v2b_attention_at_227 in /Users/z33/Fast-dLLM/v1/llada/rotated_k_v2b_runtime_patch.py:227
V0805 02:21:34.982000 10434 torch/_dynamo/guards.py:5396] [6/8] [__recompiles]     triggered by the following guard failure(s):
V0805 02:21:34.982000 10434 torch/_dynamo/guards.py:5396] [6/8] [__recompiles]     - 6/7: self.layer_id == 7                                       # )  # Fast-dLLM/v1/llada/rotated_k_v2b_runtime_patch.py:282 in torch_dynamo_resume_in_rotated_k_v2b_attention_at_227 (HINT: torch.compile considers integer attributes of the nn.Module to be static. If you are observing recompilation, you might want to make this integer dynamic using torch._dynamo.config.allow_unspec_int_on_nn_module = True, or convert this integer into a tensor.)
V0805 02:21:34.982000 10434 torch/_dynamo/guards.py:5396] [6/8] [__recompiles]     - User stack trace:
V0805 02:21:34.982000 10434 torch/_dynamo/guards.py:5396] [6/8] [__recompiles]     -   File "/Users/z33/Fast-dLLM/v1/llada/rotated_k_v2b_runtime_patch.py", line 282, in torch_dynamo_resume_in_rotated_k_v2b_attention_at_227
V0805 02:21:34.982000 10434 torch/_dynamo/guards.py:5396] [6/8] [__recompiles]     -     )
V0805 02:21:34.982000 10434 torch/_dynamo/guards.py:5396] [6/8] [__recompiles]     - 6/6: self.layer_id == 6                                       # )  # Fast-dLLM/v1/llada/rotated_k_v2b_runtime_patch.py:282 in torch_dynamo_resume_in_rotated_k_v2b_attention_at_227 (HINT: torch.compile considers integer attributes of the nn.Module to be static. If you are observing recompilation, you might want to make this integer dynamic using torch._dynamo.config.allow_unspec_int_on_nn_module = True, or convert this integer into a tensor.)
V0805 02:21:34.982000 10434 torch/_dynamo/guards.py:5396] [6/8] [__recompiles]     - User stack trace:
V0805 02:21:34.982000 10434 torch/_dynamo/guards.py:5396] [6/8] [__recompiles]     -   File "/Users/z33/Fast-dLLM/v1/llada/rotated_k_v2b_runtime_patch.py", line 282, in torch_dynamo_resume_in_rotated_k_v2b_attention_at_227
V0805 02:21:34.982000 10434 torch/_dynamo/guards.py:5396] [6/8] [__recompiles]     -     )
V0805 02:21:34.982000 10434 torch/_dynamo/guards.py:5396] [6/8] [__recompiles]     - 6/5: self.layer_id == 5                                       # )  # Fast-dLLM/v1/llada/rotated_k_v2b_runtime_patch.py:282 in torch_dynamo_resume_in_rotated_k_v2b_attention_at_227 (HINT: torch.compile considers integer attributes of the nn.Module to be static. If you are observing recompilation, you might want to make this integer dynamic using torch._dynamo.config.allow_unspec_int_on_nn_module = True, or convert this integer into a tensor.)
V0805 02:21:34.982000 10434 torch/_dynamo/guards.py:5396] [6/8] [__recompiles]     - User stack trace:
V0805 02:21:34.982000 10434 torch/_dynamo/guards.py:5396] [6/8] [__recompiles]     -   File "/Users/z33/Fast-dLLM/v1/llada/rotated_k_v2b_runtime_patch.py", line 282, in torch_dynamo_resume_in_rotated_k_v2b_attention_at_227
V0805 02:21:34.982000 10434 torch/_dynamo/guards.py:5396] [6/8] [__recompiles]     -     )
V0805 02:21:34.982000 10434 torch/_dynamo/guards.py:5396] [6/8] [__recompiles]     - 6/4: self.layer_id == 4                                       # )  # Fast-dLLM/v1/llada/rotated_k_v2b_runtime_patch.py:282 in torch_dynamo_resume_in_rotated_k_v2b_attention_at_227 (HINT: torch.compile considers integer attributes of the nn.Module to be static. If you are observing recompilation, you might want to make this integer dynamic using torch._dynamo.config.allow_unspec_int_on_nn_module = True, or convert this integer into a tensor.)
V0805 02:21:34.982000 10434 torch/_dynamo/guards.py:5396] [6/8] [__recompiles]     - User stack trace:
V0805 02:21:34.982000 10434 torch/_dynamo/guards.py:5396] [6/8] [__recompiles]     -   File "/Users/z33/Fast-dLLM/v1/llada/rotated_k_v2b_runtime_patch.py", line 282, in torch_dynamo_resume_in_rotated_k_v2b_attention_at_227
V0805 02:21:34.982000 10434 torch/_dynamo/guards.py:5396] [6/8] [__recompiles]     -     )
V0805 02:21:34.982000 10434 torch/_dynamo/guards.py:5396] [6/8] [__recompiles]     - 6/3: self.layer_id == 3                                       # )  # Fast-dLLM/v1/llada/rotated_k_v2b_runtime_patch.py:282 in torch_dynamo_resume_in_rotated_k_v2b_attention_at_227 (HINT: torch.compile considers integer attributes of the nn.Module to be static. If you are observing recompilation, you might want to make this integer dynamic using torch._dynamo.config.allow_unspec_int_on_nn_module = True, or convert this integer into a tensor.)
V0805 02:21:34.982000 10434 torch/_dynamo/guards.py:5396] [6/8] [__recompiles]     - User stack trace:
V0805 02:21:34.982000 10434 torch/_dynamo/guards.py:5396] [6/8] [__recompiles]     -   File "/Users/z33/Fast-dLLM/v1/llada/rotated_k_v2b_runtime_patch.py", line 282, in torch_dynamo_resume_in_rotated_k_v2b_attention_at_227
V0805 02:21:34.982000 10434 torch/_dynamo/guards.py:5396] [6/8] [__recompiles]     -     )
V0805 02:21:34.982000 10434 torch/_dynamo/guards.py:5396] [6/8] [__recompiles]     - 6/2: self.layer_id == 2                                       # )  # Fast-dLLM/v1/llada/rotated_k_v2b_runtime_patch.py:282 in torch_dynamo_resume_in_rotated_k_v2b_attention_at_227 (HINT: torch.compile considers integer attributes of the nn.Module to be static. If you are observing recompilation, you might want to make this integer dynamic using torch._dynamo.config.allow_unspec_int_on_nn_module = True, or convert this integer into a tensor.)
V0805 02:21:34.982000 10434 torch/_dynamo/guards.py:5396] [6/8] [__recompiles]     - User stack trace:
V0805 02:21:34.982000 10434 torch/_dynamo/guards.py:5396] [6/8] [__recompiles]     -   File "/Users/z33/Fast-dLLM/v1/llada/rotated_k_v2b_runtime_patch.py", line 282, in torch_dynamo_resume_in_rotated_k_v2b_attention_at_227
V0805 02:21:34.982000 10434 torch/_dynamo/guards.py:5396] [6/8] [__recompiles]     -     )
V0805 02:21:34.982000 10434 torch/_dynamo/guards.py:5396] [6/8] [__recompiles]     - 6/1: self.layer_id == 1                                       # )  # Fast-dLLM/v1/llada/rotated_k_v2b_runtime_patch.py:282 in torch_dynamo_resume_in_rotated_k_v2b_attention_at_227 (HINT: torch.compile considers integer attributes of the nn.Module to be static. If you are observing recompilation, you might want to make this integer dynamic using torch._dynamo.config.allow_unspec_int_on_nn_module = True, or convert this integer into a tensor.)
V0805 02:21:34.982000 10434 torch/_dynamo/guards.py:5396] [6/8] [__recompiles]     - User stack trace:
V0805 02:21:34.982000 10434 torch/_dynamo/guards.py:5396] [6/8] [__recompiles]     -   File "/Users/z33/Fast-dLLM/v1/llada/rotated_k_v2b_runtime_patch.py", line 282, in torch_dynamo_resume_in_rotated_k_v2b_attention_at_227
V0805 02:21:34.982000 10434 torch/_dynamo/guards.py:5396] [6/8] [__recompiles]     -     )
V0805 02:21:34.982000 10434 torch/_dynamo/guards.py:5396] [6/8] [__recompiles]     - 6/0: tensor 'dict.__getitem__(self._modules['rotary_emb']._RotaryEmbedding__cache, list(dict.keys(self._modules['rotary_emb']._RotaryEmbedding__cache))[0])' dispatch key set mismatch. expected DispatchKeySet(CPU, BackendSelect, ADInplaceOrView, AutogradCPU), actual DispatchKeySet(MPS, BackendSelect, ADInplaceOrView, AutogradMPS)
W0805 02:21:34.982000 10434 torch/_dynamo/convert_frame.py:1994] [6/8] torch._dynamo hit config.recompile_limit (8)
W0805 02:21:34.982000 10434 torch/_dynamo/convert_frame.py:1994] [6/8]    function: 'torch_dynamo_resume_in_rotated_k_v2b_attention_at_227' (/Users/z33/Fast-dLLM/v1/llada/rotated_k_v2b_runtime_patch.py:227)
W0805 02:21:34.982000 10434 torch/_dynamo/convert_frame.py:1994] [6/8]    last reason: 6/7: self.layer_id == 7                                       # )  # Fast-dLLM/v1/llada/rotated_k_v2b_runtime_patch.py:282 in torch_dynamo_resume_in_rotated_k_v2b_attention_at_227 (HINT: torch.compile considers integer attributes of the nn.Module to be static. If you are observing recompilation, you might want to make this integer dynamic using torch._dynamo.config.allow_unspec_int_on_nn_module = True, or convert this integer into a tensor.)
W0805 02:21:34.982000 10434 torch/_dynamo/convert_frame.py:1994] [6/8] User stack trace:
W0805 02:21:34.982000 10434 torch/_dynamo/convert_frame.py:1994] [6/8]   File "/Users/z33/Fast-dLLM/v1/llada/rotated_k_v2b_runtime_patch.py", line 282, in torch_dynamo_resume_in_rotated_k_v2b_attention_at_227
W0805 02:21:34.982000 10434 torch/_dynamo/convert_frame.py:1994] [6/8]     )
W0805 02:21:34.982000 10434 torch/_dynamo/convert_frame.py:1994] [6/8] To log all recompilation reasons, use TORCH_LOGS="recompiles".
W0805 02:21:34.982000 10434 torch/_dynamo/convert_frame.py:1994] [6/8] To diagnose recompilation issues, see https://docs.pytorch.org/docs/main/user_guide/torch_compiler/compile/programming_model.recompilation.html
V0805 02:21:35.034000 10434 torch/_dynamo/guards.py:5396] [3/1] [__recompiles] Recompiling function get_causal_attention_bias in /Users/z33/Fast-dLLM/v1/llada/model/modeling_llada.py:533
V0805 02:21:35.034000 10434 torch/_dynamo/guards.py:5396] [3/1] [__recompiles]     triggered by the following guard failure(s):
V0805 02:21:35.034000 10434 torch/_dynamo/guards.py:5396] [3/1] [__recompiles]     - 3/0: len(cache) != 2
PROFILE_WINDOW_BEGIN iterations=1
Traceback (most recent call last):
  File "/Users/z33/Fast-dLLM/capture_mps_cached_formal5.py", line 255, in <module>
    main()
  File "/Users/z33/Fast-dLLM/capture_mps_cached_formal5.py", line 175, in main
    raise RuntimeError(
RuntimeError: Metal capture is disabled. Run with MTL_CAPTURE_ENABLED=1.
